---
source: crates/compose-core/tests/parse_examples.rs
expression: "parse_clean(\"examples/triage-fanout/main.yml\")"
---
Spec(
    SpecFile {
        source: "examples/triage-fanout/main.yml",
        version: Some(
            "0.1" @ 12:10..12:15,
        ),
        imports: Some(
            ImportsSection {
                paths: [
                    "providers.yml" @ 15:5..15:18,
                    "models.yml" @ 16:5..16:15,
                    "agents/triage.yml" @ 17:5..17:22,
                    "agents/fixer.yml" @ 18:5..18:21,
                    "agents/summarizer.yml" @ 19:5..19:26,
                    "tools/repo_grep.yml" @ 20:5..20:24,
                    "tools/review_queue.yml" @ 21:5..21:27,
                    "tools/dead_letter.yml" @ 22:5..22:26,
                    "stores/docs.yml" @ 23:5..23:20,
                    "stores/triage_memory.yml" @ 24:5..24:29,
                    "flows/enrich.yml" @ 25:5..25:21,
                    "flows/triage.yml" @ 26:5..26:21,
                    "triggers.yml" @ 27:5..27:17,
                ],
                span: 15:3..29:1,
            },
        ),
        defaults: Some(
            PolicyBlock {
                retry: Some(
                    Retry {
                        max: Some(
                            1 @ 31:17..31:18,
                        ),
                        backoff: Some(
                            duration("2s") @ 31:29..31:31,
                        ),
                        multiplier: None,
                        max_backoff: None,
                        jitter: None,
                        span: 31:10..31:33,
                    } @ 31:10..31:33,
                ),
                timeout: Some(
                    duration("90s") @ 30:12..30:15,
                ),
                on_error: Some(
                    Fail @ 32:13..32:17,
                ),
            } @ 30:3..34:1,
        ),
        state: Some(
            StateSection {
                channels: [
                    Channel {
                        name: "report_normalized" @ 35:3..35:20,
                        ty: TypeNode {
                            form: Scalar(
                                ScalarType {
                                    kind: String @ 37:11..37:17,
                                    default: String(
                                        "",
                                    ) @ 38:14..38:16,
                                },
                            ),
                            description: Some(
                                "The report after flow.enrich has normalized it." @ 36:18..36:65,
                            ),
                            span: 36:5..40:3,
                        },
                        reduce: None,
                        span: 36:5..40:3,
                    },
                    Channel {
                        name: "matches" @ 40:3..40:10,
                        ty: TypeNode {
                            form: Array(
                                ArrayType {
                                    items: TypeNode {
                                        form: Scalar(
                                            ScalarType {
                                                kind: String @ 43:20..43:26,
                                            },
                                        ),
                                        description: None,
                                        span: 43:12..43:28,
                                    },
                                },
                            ),
                            description: Some(
                                "Raw grep hits handed to the triage agent." @ 41:18..41:59,
                            ),
                            span: 41:5..51:3,
                        },
                        reduce: None,
                        span: 41:5..51:3,
                    },
                    Channel {
                        name: "patches" @ 51:3..51:10,
                        ty: TypeNode {
                            form: Array(
                                ArrayType {
                                    items: TypeNode {
                                        form: Scalar(
                                            ScalarType {
                                                kind: String @ 55:20..55:26,
                                            },
                                        ),
                                        description: None,
                                        span: 55:12..55:28,
                                    },
                                    max_items: 200 @ 54:16..54:19,
                                },
                            ),
                            description: Some(
                                "Patches produced by the fixer instances." @ 52:18..52:58,
                            ),
                            span: 52:5..58:3,
                        },
                        reduce: Some(
                            Append @ 56:13..56:19,
                        ),
                        span: 52:5..58:3,
                    },
                    Channel {
                        name: "summary" @ 58:3..58:10,
                        ty: TypeNode {
                            form: Scalar(
                                ScalarType {
                                    kind: String @ 60:11..60:17,
                                    default: String(
                                        "",
                                    ) @ 61:14..61:16,
                                },
                            ),
                            description: Some(
                                "Human-readable summary of the triage run." @ 59:18..59:59,
                            ),
                            span: 59:5..63:3,
                        },
                        reduce: None,
                        span: 59:5..63:3,
                    },
                    Channel {
                        name: "human_decision" @ 63:3..63:17,
                        ty: TypeNode {
                            form: Enum(
                                EnumType {
                                    variants: [
                                        "approve" @ 65:12..65:19,
                                        "reject" @ 65:21..65:27,
                                    ],
                                    default: Some(
                                        String(
                                            "approve",
                                        ) @ 66:14..66:21,
                                    ),
                                },
                            ),
                            description: Some(
                                "What the reviewer decided about the run as a whole." @ 64:18..64:69,
                            ),
                            span: 64:5..67:1,
                        },
                        reduce: None,
                        span: 64:5..67:1,
                    },
                ],
                span: 35:3..67:1,
            },
        ),
        triggers: None,
        definitions: [],
        span: 12:1..67:1,
    },
)
