---
source: crates/compose-core/tests/parse_examples.rs
expression: "parse_clean(\"examples/triage-fanout/flows/triage.yml\")"
---
Spec(
    SpecFile {
        source: "examples/triage-fanout/flows/triage.yml",
        version: None,
        imports: None,
        defaults: None,
        state: None,
        triggers: None,
        definitions: [
            Definition {
                address: flow.triage @ 1:1..1:12,
                body: Flow(
                    FlowDef {
                        description: Some(
                            "Triage a bug report, fan out fixes, and get a human sign-off." @ 2:16..2:77,
                        ),
                        inputs: Some(
                            FieldMap {
                                fields: [
                                    Field {
                                        name: "report" @ 4:5..4:11,
                                        ty: TypeNode {
                                            form: Scalar(
                                                ScalarType {
                                                    kind: String @ 6:13..6:19,
                                                    min_length: 1 @ 7:19..7:20,
                                                },
                                            ),
                                            description: Some(
                                                "The raw bug report." @ 5:20..5:39,
                                            ),
                                            span: 5:7..8:5,
                                        },
                                    },
                                    Field {
                                        name: "pattern" @ 8:5..8:12,
                                        ty: TypeNode {
                                            form: Scalar(
                                                ScalarType {
                                                    kind: String @ 10:13..10:19,
                                                },
                                            ),
                                            description: Some(
                                                "Repository search pattern used to ground the triage agent." @ 9:20..9:78,
                                            ),
                                            span: 9:7..11:3,
                                        },
                                    },
                                ],
                                surface: Input,
                                span: 4:5..11:3,
                            },
                        ),
                        outputs: Some(
                            FieldMap {
                                fields: [
                                    Field {
                                        name: "summary" @ 12:5..12:12,
                                        ty: TypeNode {
                                            form: Scalar(
                                                ScalarType {
                                                    kind: String @ 13:13..13:19,
                                                },
                                            ),
                                            description: None,
                                            span: 13:7..14:5,
                                        },
                                    },
                                    Field {
                                        name: "patches" @ 14:5..14:12,
                                        ty: TypeNode {
                                            form: Array(
                                                ArrayType {
                                                    items: TypeNode {
                                                        form: Scalar(
                                                            ScalarType {
                                                                kind: String @ 17:22..17:28,
                                                            },
                                                        ),
                                                        description: None,
                                                        span: 17:14..17:30,
                                                    },
                                                    max_items: 200 @ 16:18..16:21,
                                                },
                                            ),
                                            description: None,
                                            span: 15:7..19:3,
                                        },
                                    },
                                ],
                                surface: Result,
                                span: 12:5..19:3,
                            },
                        ),
                        nodes: [
                            Node {
                                id: "enrich" @ 22:5..22:11,
                                kind: Flow(
                                    FlowNode {
                                        flow: flow.enrich @ 23:13..23:24,
                                        context: Some(
                                            Isolated @ 26:16..26:24,
                                        ),
                                        policy: Some(
                                            PolicyBlock {
                                                retry: None,
                                                timeout: Some(
                                                    duration("30s") @ 28:18..28:21,
                                                ),
                                                on_error: Some(
                                                    Fail @ 29:19..29:23,
                                                ),
                                            } @ 28:9..32:5,
                                        ),
                                    },
                                ),
                                input: Some(
                                    Fields(
                                        Bindings {
                                            entries: [
                                                Binding {
                                                    name: "report" @ 25:9..25:15,
                                                    value: cel("input.report") @ 25:17..25:31,
                                                },
                                            ],
                                            span: 25:9..26:7,
                                        },
                                    ),
                                ),
                                writes: None,
                                policy: PolicyBlock {
                                    retry: None,
                                    timeout: None,
                                    on_error: None,
                                },
                                description: None,
                                span: 23:7..32:5,
                            },
                            Node {
                                id: "scan" @ 32:5..32:9,
                                kind: Function(
                                    tool.repo_grep @ 33:17..33:31,
                                ),
                                input: Some(
                                    Fields(
                                        Bindings {
                                            entries: [
                                                Binding {
                                                    name: "pattern" @ 35:9..35:16,
                                                    value: cel("input.pattern") @ 35:18..35:33,
                                                },
                                                Binding {
                                                    name: "max_matches" @ 36:9..36:20,
                                                    value: cel("25") @ 36:22..36:26,
                                                },
                                            ],
                                            span: 35:9..38:5,
                                        },
                                    ),
                                ),
                                writes: None,
                                policy: PolicyBlock {
                                    retry: None,
                                    timeout: None,
                                    on_error: None,
                                },
                                description: None,
                                span: 33:7..38:5,
                            },
                            Node {
                                id: "classify" @ 38:5..38:13,
                                kind: Agent(
                                    agent.triage @ 39:14..39:26,
                                ),
                                input: Some(
                                    Fields(
                                        Bindings {
                                            entries: [
                                                Binding {
                                                    name: "report" @ 41:9..41:15,
                                                    value: cel("state.report_normalized") @ 41:17..41:42,
                                                },
                                                Binding {
                                                    name: "matches" @ 42:9..42:16,
                                                    value: cel("state.matches") @ 42:18..42:33,
                                                },
                                            ],
                                            span: 41:9..48:5,
                                        },
                                    ),
                                ),
                                writes: None,
                                policy: PolicyBlock {
                                    retry: None,
                                    timeout: None,
                                    on_error: None,
                                },
                                description: None,
                                span: 39:7..48:5,
                            },
                            Node {
                                id: "dispatch" @ 48:5..48:13,
                                kind: Map(
                                    MapBlock {
                                        over: Some(
                                            path("classify.output.findings") @ 50:15..50:39,
                                        ),
                                        item_binding: Some(
                                            "finding" @ 51:13..51:20,
                                        ),
                                        dispatch: Routed {
                                            route_by: "kind" @ 52:19..52:23,
                                            routes: [
                                                MapRoute {
                                                    tag: Some(
                                                        "auto_fixable" @ 56:11..56:23,
                                                    ),
                                                    node: Some(
                                                        agent.fixer @ 57:19..57:30,
                                                    ),
                                                    max_concurrency: Some(
                                                        4 @ 58:30..58:31,
                                                    ),
                                                    input: Some(
                                                        Bindings {
                                                            entries: [
                                                                Binding {
                                                                    name: "file" @ 60:15..60:19,
                                                                    value: cel("finding.file") @ 60:21..60:35,
                                                                },
                                                                Binding {
                                                                    name: "patch_hint" @ 61:15..61:25,
                                                                    value: cel("finding.patch_hint") @ 61:27..61:47,
                                                                },
                                                            ],
                                                            span: 60:15..62:13,
                                                        },
                                                    ),
                                                    writes: Some(
                                                        Writes {
                                                            entries: [
                                                                WriteEntry {
                                                                    field: "patch" @ 63:15..63:20,
                                                                    channel: "patches" @ 63:22..63:29,
                                                                },
                                                            ],
                                                            span: 63:15..64:11,
                                                        },
                                                    ),
                                                    detach: None,
                                                    span: 57:13..64:11,
                                                },
                                                MapRoute {
                                                    tag: Some(
                                                        "needs_human" @ 64:11..64:22,
                                                    ),
                                                    node: Some(
                                                        tool.review_queue @ 65:19..65:36,
                                                    ),
                                                    max_concurrency: None,
                                                    input: Some(
                                                        Bindings {
                                                            entries: [
                                                                Binding {
                                                                    name: "summary" @ 67:15..67:22,
                                                                    value: cel("finding.summary") @ 67:24..67:41,
                                                                },
                                                                Binding {
                                                                    name: "severity" @ 68:15..68:23,
                                                                    value: cel("finding.severity") @ 68:25..68:43,
                                                                },
                                                            ],
                                                            span: 67:15..77:9,
                                                        },
                                                    ),
                                                    writes: None,
                                                    detach: None,
                                                    span: 65:13..77:9,
                                                },
                                            ],
                                            default: Some(
                                                MapRoute {
                                                    tag: None,
                                                    node: Some(
                                                        tool.dead_letter @ 78:17..78:33,
                                                    ),
                                                    max_concurrency: None,
                                                    input: Some(
                                                        Bindings {
                                                            entries: [
                                                                Binding {
                                                                    name: "kind" @ 81:13..81:17,
                                                                    value: cel("finding.kind") @ 81:19..81:33,
                                                                },
                                                                Binding {
                                                                    name: "payload" @ 82:13..82:20,
                                                                    value: cel("finding.of") @ 82:22..82:34,
                                                                },
                                                            ],
                                                            span: 81:13..88:5,
                                                        },
                                                    ),
                                                    writes: None,
                                                    detach: Some(
                                                        false @ 79:19..79:24,
                                                    ),
                                                    span: 78:11..88:5,
                                                },
                                            ),
                                        },
                                        max_concurrency: Some(
                                            8 @ 53:26..53:27,
                                        ),
                                        on_item_error: Some(
                                            Skip @ 54:24..54:28,
                                        ),
                                        input: None,
                                        writes: None,
                                        detach: None,
                                        span: 50:9..88:5,
                                    },
                                ),
                                input: None,
                                writes: None,
                                policy: PolicyBlock {
                                    retry: None,
                                    timeout: None,
                                    on_error: None,
                                },
                                description: None,
                                span: 49:7..88:5,
                            },
                            Node {
                                id: "verify" @ 88:5..88:11,
                                kind: Exec(
                                    ExecBlock {
                                        command: Some(
                                            "run-checks" @ 90:18..90:28,
                                        ),
                                        args: [
                                            "--fast" @ 91:16..91:24,
                                        ],
                                        cwd: Some(
                                            interpolated("${REPO_ROOT}") @ 92:14..92:28,
                                        ),
                                        env: [
                                            InterpolatedEntry {
                                                name: "CI" @ 94:11..94:13,
                                                value: "true" @ 94:15..94:21,
                                            },
                                        ],
                                        output: Some(
                                            FieldMap {
                                                fields: [
                                                    Field {
                                                        name: "exit_code" @ 96:11..96:20,
                                                        ty: TypeNode {
                                                            form: Scalar(
                                                                ScalarType {
                                                                    kind: Integer @ 96:30..96:37,
                                                                },
                                                            ),
                                                            description: None,
                                                            span: 96:22..96:39,
                                                        },
                                                    },
                                                    Field {
                                                        name: "stdout" @ 97:11..97:17,
                                                        ty: TypeNode {
                                                            form: Scalar(
                                                                ScalarType {
                                                                    kind: String @ 97:27..97:33,
                                                                },
                                                            ),
                                                            description: None,
                                                            span: 97:19..97:35,
                                                        },
                                                    },
                                                ],
                                                surface: Result,
                                                span: 96:11..98:7,
                                            },
                                        ),
                                        span: 90:9..98:7,
                                    },
                                ),
                                input: Some(
                                    Fields(
                                        Bindings {
                                            entries: [
                                                Binding {
                                                    name: "patches" @ 99:9..99:16,
                                                    value: cel("state.patches") @ 99:18..99:33,
                                                },
                                            ],
                                            span: 99:9..100:7,
                                        },
                                    ),
                                ),
                                writes: None,
                                policy: PolicyBlock {
                                    retry: None,
                                    timeout: Some(
                                        duration("5m") @ 100:16..100:18,
                                    ),
                                    on_error: Some(
                                        Skip @ 101:17..101:21,
                                    ),
                                },
                                description: None,
                                span: 89:7..103:5,
                            },
                            Node {
                                id: "summarize" @ 103:5..103:14,
                                kind: Agent(
                                    agent.summarizer @ 104:14..104:30,
                                ),
                                input: Some(
                                    Fields(
                                        Bindings {
                                            entries: [
                                                Binding {
                                                    name: "report" @ 106:9..106:15,
                                                    value: cel("state.report_normalized") @ 106:17..106:42,
                                                },
                                                Binding {
                                                    name: "patches" @ 107:9..107:16,
                                                    value: cel("state.patches") @ 107:18..107:33,
                                                },
                                            ],
                                            span: 106:9..112:5,
                                        },
                                    ),
                                ),
                                writes: None,
                                policy: PolicyBlock {
                                    retry: None,
                                    timeout: None,
                                    on_error: None,
                                },
                                description: None,
                                span: 104:7..112:5,
                            },
                            Node {
                                id: "remember" @ 112:5..112:13,
                                kind: Store(
                                    StoreNode {
                                        store: store.triage_memory @ 113:14..113:33,
                                        op: Some(
                                            Set @ 114:11..114:14,
                                        ),
                                        params: StoreOpParams {
                                            key: Some(
                                                cel("execution.session_key") @ 115:12..115:35,
                                            ),
                                            value: Some(
                                                Fields(
                                                    Bindings {
                                                        entries: [
                                                            Binding {
                                                                name: "last_report" @ 117:9..117:20,
                                                                value: cel("input.report") @ 117:22..117:36,
                                                            },
                                                            Binding {
                                                                name: "patch_count" @ 118:9..118:20,
                                                                value: cel("size(state.patches)") @ 118:22..118:43,
                                                            },
                                                        ],
                                                        span: 117:9..119:7,
                                                    },
                                                ),
                                            ),
                                            query: None,
                                            prefix: None,
                                            top_k: None,
                                            limit: None,
                                            filter: None,
                                            metadata: None,
                                            content_type: None,
                                        },
                                    },
                                ),
                                input: None,
                                writes: None,
                                policy: PolicyBlock {
                                    retry: None,
                                    timeout: None,
                                    on_error: Some(
                                        Skip @ 119:17..119:21,
                                    ),
                                },
                                description: None,
                                span: 113:7..123:5,
                            },
                            Node {
                                id: "approve" @ 123:5..123:12,
                                kind: Human(
                                    HumanBlock {
                                        input: Some(
                                            FieldMap {
                                                fields: [
                                                    Field {
                                                        name: "summary" @ 126:11..126:18,
                                                        ty: TypeNode {
                                                            form: Scalar(
                                                                ScalarType {
                                                                    kind: String @ 126:28..126:34,
                                                                },
                                                            ),
                                                            description: None,
                                                            span: 126:20..126:36,
                                                        },
                                                    },
                                                    Field {
                                                        name: "patch_count" @ 127:11..127:22,
                                                        ty: TypeNode {
                                                            form: Scalar(
                                                                ScalarType {
                                                                    kind: Integer @ 127:32..127:39,
                                                                },
                                                            ),
                                                            description: None,
                                                            span: 127:24..127:41,
                                                        },
                                                    },
                                                ],
                                                surface: Input,
                                                span: 126:11..128:9,
                                            },
                                        ),
                                        output: Some(
                                            FieldMap {
                                                fields: [
                                                    Field {
                                                        name: "decision" @ 129:11..129:19,
                                                        ty: TypeNode {
                                                            form: Enum(
                                                                EnumType {
                                                                    variants: [
                                                                        "approve" @ 129:30..129:37,
                                                                        "reject" @ 129:39..129:45,
                                                                    ],
                                                                    default: None,
                                                                },
                                                            ),
                                                            description: None,
                                                            span: 129:21..129:48,
                                                        },
                                                    },
                                                    Field {
                                                        name: "note" @ 130:11..130:15,
                                                        ty: TypeNode {
                                                            form: Scalar(
                                                                ScalarType {
                                                                    kind: String @ 130:25..130:31,
                                                                },
                                                            ),
                                                            description: None,
                                                            span: 130:17..130:33,
                                                        },
                                                    },
                                                ],
                                                surface: Result,
                                                span: 129:11..131:9,
                                            },
                                        ),
                                        timeout: Some(
                                            duration("24h") @ 131:18..131:21,
                                        ),
                                        on_timeout: Some(
                                            Node(
                                                "escalate",
                                            ) @ 132:21..132:29,
                                        ),
                                        span: 125:9..133:7,
                                    },
                                ),
                                input: Some(
                                    Fields(
                                        Bindings {
                                            entries: [
                                                Binding {
                                                    name: "summary" @ 134:9..134:16,
                                                    value: cel("state.summary") @ 134:18..134:33,
                                                },
                                                Binding {
                                                    name: "patch_count" @ 135:9..135:20,
                                                    value: cel("size(state.patches)") @ 135:22..135:43,
                                                },
                                            ],
                                            span: 134:9..136:7,
                                        },
                                    ),
                                ),
                                writes: Some(
                                    Writes {
                                        entries: [
                                            WriteEntry {
                                                field: "decision" @ 137:9..137:17,
                                                channel: "human_decision" @ 137:19..137:33,
                                            },
                                        ],
                                        span: 137:9..141:5,
                                    },
                                ),
                                policy: PolicyBlock {
                                    retry: None,
                                    timeout: None,
                                    on_error: None,
                                },
                                description: None,
                                span: 124:7..141:5,
                            },
                            Node {
                                id: "escalate" @ 141:5..141:13,
                                kind: Http(
                                    HttpBlock {
                                        method: Some(
                                            Post @ 143:17..143:21,
                                        ),
                                        url: Some(
                                            interpolated("https://${QUEUE_HOST}/v1/escalations") @ 144:14..144:52,
                                        ),
                                        headers: [
                                            InterpolatedEntry {
                                                name: "authorization" @ 146:11..146:24,
                                                value: interpolated("Bearer ${QUEUE_TOKEN}") @ 146:26..146:49,
                                            },
                                        ],
                                        query: None,
                                        body: Some(
                                            Bindings {
                                                entries: [
                                                    Binding {
                                                        name: "summary" @ 148:11..148:18,
                                                        value: cel("state.summary") @ 148:20..148:35,
                                                    },
                                                ],
                                                span: 148:11..149:9,
                                            },
                                        ),
                                        expect_status: [],
                                        output: Some(
                                            FieldMap {
                                                fields: [
                                                    Field {
                                                        name: "status" @ 150:11..150:17,
                                                        ty: TypeNode {
                                                            form: Scalar(
                                                                ScalarType {
                                                                    kind: Integer @ 150:27..150:34,
                                                                },
                                                            ),
                                                            description: None,
                                                            span: 150:19..150:36,
                                                        },
                                                    },
                                                ],
                                                surface: Result,
                                                span: 150:11..151:7,
                                            },
                                        ),
                                        span: 143:9..151:7,
                                    },
                                ),
                                input: None,
                                writes: None,
                                policy: PolicyBlock {
                                    retry: Some(
                                        Retry {
                                            max: Some(
                                                3 @ 152:21..152:22,
                                            ),
                                            backoff: Some(
                                                duration("1s") @ 152:33..152:35,
                                            ),
                                            multiplier: None,
                                            max_backoff: None,
                                            jitter: None,
                                            span: 152:14..152:37,
                                        } @ 152:14..152:37,
                                    ),
                                    timeout: Some(
                                        duration("10s") @ 151:16..151:19,
                                    ),
                                    on_error: None,
                                },
                                description: None,
                                span: 142:7..154:3,
                            },
                        ],
                        edges: [
                            Edge {
                                from: Some(
                                    Start @ 155:15..155:20,
                                ),
                                to: Some(
                                    Node(
                                        "enrich",
                                    ) @ 155:26..155:32,
                                ),
                                when: None,
                                else_edge: None,
                                max_iterations: None,
                                span: 155:7..155:34,
                            },
                            Edge {
                                from: Some(
                                    Node(
                                        "enrich",
                                    ) @ 156:15..156:21,
                                ),
                                to: Some(
                                    Node(
                                        "scan",
                                    ) @ 156:27..156:31,
                                ),
                                when: None,
                                else_edge: None,
                                max_iterations: None,
                                span: 156:7..156:33,
                            },
                            Edge {
                                from: Some(
                                    Node(
                                        "scan",
                                    ) @ 157:15..157:19,
                                ),
                                to: Some(
                                    Node(
                                        "classify",
                                    ) @ 157:25..157:33,
                                ),
                                when: None,
                                else_edge: None,
                                max_iterations: None,
                                span: 157:7..157:35,
                            },
                            Edge {
                                from: Some(
                                    Node(
                                        "classify",
                                    ) @ 158:15..158:23,
                                ),
                                to: Some(
                                    Node(
                                        "dispatch",
                                    ) @ 158:29..158:37,
                                ),
                                when: None,
                                else_edge: None,
                                max_iterations: None,
                                span: 158:7..158:39,
                            },
                            Edge {
                                from: Some(
                                    Node(
                                        "dispatch",
                                    ) @ 161:15..161:23,
                                ),
                                to: Some(
                                    Node(
                                        "verify",
                                    ) @ 161:29..161:35,
                                ),
                                when: None,
                                else_edge: None,
                                max_iterations: None,
                                span: 161:7..161:37,
                            },
                            Edge {
                                from: Some(
                                    Node(
                                        "verify",
                                    ) @ 162:15..162:21,
                                ),
                                to: Some(
                                    Node(
                                        "summarize",
                                    ) @ 162:27..162:36,
                                ),
                                when: None,
                                else_edge: None,
                                max_iterations: None,
                                span: 162:7..162:38,
                            },
                            Edge {
                                from: Some(
                                    Node(
                                        "summarize",
                                    ) @ 163:15..163:24,
                                ),
                                to: Some(
                                    Node(
                                        "remember",
                                    ) @ 163:30..163:38,
                                ),
                                when: None,
                                else_edge: None,
                                max_iterations: None,
                                span: 163:7..163:40,
                            },
                            Edge {
                                from: Some(
                                    Node(
                                        "remember",
                                    ) @ 164:15..164:23,
                                ),
                                to: Some(
                                    Node(
                                        "approve",
                                    ) @ 164:29..164:36,
                                ),
                                when: None,
                                else_edge: None,
                                max_iterations: None,
                                span: 164:7..164:38,
                            },
                            Edge {
                                from: Some(
                                    Node(
                                        "approve",
                                    ) @ 165:15..165:22,
                                ),
                                to: Some(
                                    End @ 165:28..165:31,
                                ),
                                when: Some(
                                    cel("approve.output.decision == 'approve'") @ 165:39..165:78,
                                ),
                                else_edge: None,
                                max_iterations: None,
                                span: 165:7..165:79,
                            },
                            Edge {
                                from: Some(
                                    Node(
                                        "approve",
                                    ) @ 166:15..166:22,
                                ),
                                to: Some(
                                    Node(
                                        "escalate",
                                    ) @ 166:28..166:36,
                                ),
                                when: Some(
                                    cel("approve.output.decision == 'reject'") @ 166:44..166:82,
                                ),
                                else_edge: None,
                                max_iterations: None,
                                span: 166:7..166:83,
                            },
                            Edge {
                                from: Some(
                                    Node(
                                        "escalate",
                                    ) @ 167:15..167:23,
                                ),
                                to: Some(
                                    End @ 167:29..167:32,
                                ),
                                when: None,
                                else_edge: None,
                                max_iterations: None,
                                span: 167:7..167:34,
                            },
                        ],
                    },
                ),
                span: 1:1..1:12,
            },
        ],
        span: 1:1..168:1,
    },
)
