---
source: crates/compose-core/tests/parse_examples.rs
expression: "parse_clean(\"examples/triage-fanout/deploy/staging.yml\")"
---
Deploy(
    DeployFile {
        source: "examples/triage-fanout/deploy/staging.yml",
        version: Some(
            "0.1" @ 4:10..4:15,
        ),
        placements: Some(
            PlacementsSection {
                placements: [
                    Placement {
                        name: "patchers" @ 20:3..20:11,
                        members: [
                            agent.fixer @ 22:9..22:20,
                            tool.repo_grep @ 23:9..23:23,
                        ],
                        description: Some(
                            "The machines holding a checkout: agent.fixer reads files under the repo root, and tool.repo_grep — reached from a `function:` node, so its own placement governs it — greps the same tree." @ 25:7..29:1,
                        ),
                        span: 20:3..29:1,
                    },
                ],
                span: 20:3..29:1,
            },
        ),
        hub: Some(
            HubSection {
                join_token: Some(
                    env("${MESH_JOIN_TOKEN}") @ 12:15..12:33,
                ),
                public_url: Some(
                    "https://triage.internal.example" @ 13:15..13:48,
                ),
                declares_join_token: true,
                span: 12:3..13:48,
            },
        ),
        storage_backends: Some(
            StorageBackendsSection {
                defaults: [
                    BackendDefault {
                        kind: Kv @ 31:5..31:7,
                        config: BackendConfig {
                            provider: Some(
                                Redis @ 32:17..32:22,
                            ),
                            connection: [
                                ConnectionField {
                                    name: "url" @ 33:7..33:10,
                                    value: env("${REDIS_URL}") @ 33:12..33:24,
                                },
                            ],
                            extra: [],
                            span: 32:7..33:24,
                        },
                    },
                ],
                aliases: [
                    BackendAlias {
                        name: "docs_db" @ 37:5..37:12,
                        config: BackendConfig {
                            provider: Some(
                                Chroma @ 38:17..38:23,
                            ),
                            connection: [
                                ConnectionField {
                                    name: "url" @ 39:7..39:10,
                                    value: env("${CHROMA_URL}") @ 39:12..39:25,
                                },
                            ],
                            extra: [
                                PluginEntry {
                                    key: "index" @ 40:7..40:12,
                                    value: Text(
                                        "project-docs",
                                    ) @ 40:14..40:26,
                                },
                            ],
                            span: 38:7..40:26,
                        },
                    },
                ],
                span: 30:3..40:26,
            },
        ),
        trace_sink: Some(
            TraceSinkSection {
                url: Some(
                    "https://collector.internal.example/v1/traces" @ 51:8..51:54,
                ),
                format: None,
                auth: Some(
                    CallbackAuth {
                        bearer: Some(
                            BearerAuth {
                                token: Some(
                                    env("${TRACE_SINK_TOKEN}") @ 54:14..54:33,
                                ),
                                header: None,
                                prefix: None,
                            },
                        ),
                        hmac: None,
                    } @ 53:5..54:33,
                ),
                span: 51:3..54:33,
            },
        ),
        event_sources: Some(
            EventSourcesSection {
                sources: [
                    EventSource {
                        name: "bug_reports" @ 59:3..59:14,
                        kind: Some(
                            RedisStreams @ 60:11..60:24,
                        ),
                        connection: [
                            ConnectionField {
                                name: "url" @ 61:5..61:8,
                                value: env("${REDIS_URL}") @ 61:10..61:22,
                            },
                        ],
                        extra: [
                            PluginEntry {
                                key: "stream" @ 62:5..62:11,
                                value: Text(
                                    "bug-reports",
                                ) @ 62:13..62:24,
                            },
                            PluginEntry {
                                key: "consumer_group" @ 63:5..63:19,
                                value: Text(
                                    "agent-compose",
                                ) @ 63:21..63:34,
                            },
                        ],
                        span: 59:3..63:34,
                    },
                ],
                span: 59:3..63:34,
            },
        ),
        span: 4:1..63:34,
    },
)
