---
source: crates/compose-core/tests/parse_examples.rs
expression: "parse_clean(\"examples/triage-fanout/deploy/staging.yml\")"
---
Deploy(
    DeployFile {
        source: "examples/triage-fanout/deploy/staging.yml",
        version: Some(
            "0.1" @ 4:10..4:15,
        ),
        placements: Some(
            PlacementsSection {
                placements: [
                    Placement {
                        name: "patchers" @ 20:3..20:11,
                        members: [
                            agent.fixer @ 22:9..22:20,
                            tool.repo_grep @ 23:9..23:23,
                        ],
                        description: Some(
                            "The machines holding a checkout: agent.fixer reads files under the repo root, and tool.repo_grep — reached from a `function:` node, so its own placement governs it — greps the same tree." @ 25:7..29:1,
                        ),
                        span: 20:3..29:1,
                    },
                ],
                span: 20:3..29:1,
            },
        ),
        hub: Some(
            HubSection {
                join_token: Some(
                    env("${MESH_JOIN_TOKEN}") @ 12:15..12:33,
                ),
                public_url: Some(
                    "https://triage.internal.example" @ 13:15..13:48,
                ),
                declares_join_token: true,
                span: 12:3..13:48,
            },
        ),
        storage_backends: Some(
            StorageBackendsSection {
                defaults: [
                    BackendDefault {
                        kind: Kv @ 39:5..39:7,
                        config: BackendConfig {
                            provider: Some(
                                Postgres @ 40:17..40:25,
                            ),
                            connection: [
                                ConnectionField {
                                    name: "url" @ 41:7..41:10,
                                    value: env("${TRIAGE_MEMORY_URL}") @ 41:12..41:32,
                                },
                            ],
                            extra: [],
                            span: 40:7..41:32,
                        },
                    },
                ],
                aliases: [
                    BackendAlias {
                        name: "docs_db" @ 45:5..45:12,
                        config: BackendConfig {
                            provider: Some(
                                Chroma @ 46:17..46:23,
                            ),
                            connection: [
                                ConnectionField {
                                    name: "url" @ 47:7..47:10,
                                    value: env("${CHROMA_URL}") @ 47:12..47:25,
                                },
                            ],
                            extra: [
                                PluginEntry {
                                    key: "index" @ 48:7..48:12,
                                    value: Text(
                                        "project-docs",
                                    ) @ 48:14..48:26,
                                },
                            ],
                            span: 46:7..48:26,
                        },
                    },
                ],
                span: 30:3..48:26,
            },
        ),
        journal: Some(
            JournalSection {
                provider: Some(
                    Postgres @ 60:13..60:21,
                ),
                url: Some(
                    env("${JOURNAL_URL}") @ 61:8..61:22,
                ),
                declares_url: true,
                span: 60:3..61:22,
            },
        ),
        package_registry: Some(
            PackageRegistrySection {
                url: Some(
                    "https://npm.internal.example/repository/npm-group/" @ 71:8..71:60,
                ),
                token: Some(
                    env("${NPM_MIRROR_TOKEN}") @ 72:10..72:29,
                ),
                scopes: [
                    PackageRegistryScope {
                        name: "@corp" @ 75:5..75:12,
                        url: Some(
                            "https://npm.internal.example/repository/corp/" @ 76:12..76:59,
                        ),
                        token: Some(
                            env("${NPM_CORP_TOKEN}") @ 77:14..77:31,
                        ),
                        span: 75:5..77:31,
                    },
                ],
                span: 71:3..77:31,
            },
        ),
        trace_sink: Some(
            TraceSinkSection {
                url: Some(
                    "https://collector.internal.example/v1/traces" @ 88:8..88:54,
                ),
                format: None,
                auth: Some(
                    CallbackAuth {
                        bearer: Some(
                            BearerAuth {
                                token: Some(
                                    env("${TRACE_SINK_TOKEN}") @ 91:14..91:33,
                                ),
                                header: None,
                                prefix: None,
                            },
                        ),
                        hmac: None,
                    } @ 90:5..91:33,
                ),
                span: 88:3..91:33,
            },
        ),
        event_sources: Some(
            EventSourcesSection {
                sources: [
                    EventSource {
                        name: "bug_reports" @ 96:3..96:14,
                        kind: Some(
                            RedisStreams @ 97:11..97:24,
                        ),
                        connection: [
                            ConnectionField {
                                name: "url" @ 98:5..98:8,
                                value: env("${REDIS_URL}") @ 98:10..98:22,
                            },
                        ],
                        extra: [
                            PluginEntry {
                                key: "stream" @ 99:5..99:11,
                                value: Text(
                                    "bug-reports",
                                ) @ 99:13..99:24,
                            },
                            PluginEntry {
                                key: "consumer_group" @ 100:5..100:19,
                                value: Text(
                                    "agent-compose",
                                ) @ 100:21..100:34,
                            },
                        ],
                        span: 96:3..100:34,
                    },
                ],
                span: 96:3..100:34,
            },
        ),
        span: 4:1..100:34,
    },
)
